// Jest Snapshot v1, https://goo.gl/fbAQLP

exports[`cmd-cli should display proper messages when missing positional parameter 1`] = `
"
Syntax Error:
You must specify one of the following options for this command:
[--option-to-specify-1, --option-to-specify-2, --option-to-specify-3]

Syntax Error:
If you do not specify the following option:
--absence-implies

You must specify one of these options:
[--implied-by-absence]

Example:

 - example 1:

      $ cmd-cli validate syntax \\"position1\\" \\"testposition\\"

Use \\"cmd-cli validate syntax --help\\" to view command description, usage, and options.
"
`;

exports[`cmd-cli should display proper messages when missing positional parameter 2`] = `
"================ISSUING CMD WITH INVALID POSITIONAL ARGUMENT===============
"
`;
