// Jest Snapshot v1, https://goo.gl/fbAQLP

exports[`Default Root Command Handler should display the help if no options are specified 1`] = `
"
 COMMAND NAME
 ------------

   test-command

 DESCRIPTION
 -----------

   my command

 USAGE
 -----

   mock test-outer-group test-group test-command [positional1] [options]

 POSITIONAL ARGUMENTS
 --------------------

   positional1		 (string)

      the positional option

 OPTIONS
 -------

   --test-option  (string)

      the option

   --test-boolean  (boolean)

      the boolean option

 GLOBAL OPTIONS
 --------------

   --response-format-json  | --rfj (boolean)

      Produce JSON formatted data from a command

   --help  | -h (boolean)

      Display help text

"
`;

exports[`Default Root Command Handler should display the version if --version is specified 1`] = `
Object {
  "data": Object {
    "version": "10000
",
  },
  "error": undefined,
  "message": "Version displayed",
  "stderr": Object {
    "data": Array [],
    "type": "Buffer",
  },
  "stdout": Object {
    "data": Array [
      49,
      48,
      48,
      48,
      48,
      10,
    ],
    "type": "Buffer",
  },
  "success": true,
}
`;
