// Jest Snapshot v1, https://goo.gl/fbAQLP

exports[`cmd-cli should display the help 1`] = `
"================ISSUING HELP NO OPTIONS===============

 DESCRIPTION
 -----------

   A test CLI for the 'cmd' imperative package

 USAGE
 -----

   cmd-cli [group]

 GROUPS
 ------

   auto-format Invoke handlers to test auto-format           
   chained     chained handler test commands                 
   gen-help    Commands to test help generator               
   invalid     Invalid definitions                           
   invoke      Invoke handlers to test promise reject/fulfill
   nested      Test a complex structure                      
   profile     Validate profile mapping                      
   profiles    Create and manage configuration profiles      
   read        Read some profiles                            
   respond     Invoke handlers that will produce messages    
   validate    Validate syntax checking                      

 OPTIONS
 -------

   --version  | -V (boolean)

      Display the current version of Cmd Package CLI

 GLOBAL OPTIONS
 --------------

   --response-format-json  | --rfj (boolean)

      Produce JSON formatted data from a command

   --help  | -h (boolean)

      Display help text

================ISSUING HELP WITH OPTION==============

 DESCRIPTION
 -----------

   A test CLI for the 'cmd' imperative package

 USAGE
 -----

   cmd-cli [group]

 GROUPS
 ------

   auto-format Invoke handlers to test auto-format           
   chained     chained handler test commands                 
   gen-help    Commands to test help generator               
   invalid     Invalid definitions                           
   invoke      Invoke handlers to test promise reject/fulfill
   nested      Test a complex structure                      
   profile     Validate profile mapping                      
   profiles    Create and manage configuration profiles      
   read        Read some profiles                            
   respond     Invoke handlers that will produce messages    
   validate    Validate syntax checking                      

 OPTIONS
 -------

   --version  | -V (boolean)

      Display the current version of Cmd Package CLI

 GLOBAL OPTIONS
 --------------

   --response-format-json  | --rfj (boolean)

      Produce JSON formatted data from a command

   --help  | -h (boolean)

      Display help text

================ISSUING HELP WITH RFJ=================
{
  \\"success\\": true,
  \\"message\\": \\"\\",
  \\"stdout\\": \\"\\\\n DESCRIPTION\\\\n -----------\\\\n\\\\n   A test CLI for the 'cmd' imperative package\\\\n\\\\n USAGE\\\\n -----\\\\n\\\\n   cmd-cli [group]\\\\n\\\\n GROUPS\\\\n ------\\\\n\\\\n   auto-format Invoke handlers to test auto-format           \\\\n   chained     chained handler test commands                 \\\\n   gen-help    Commands to test help generator               \\\\n   invalid     Invalid definitions                           \\\\n   invoke      Invoke handlers to test promise reject/fulfill\\\\n   nested      Test a complex structure                      \\\\n   profile     Validate profile mapping                      \\\\n   profiles    Create and manage configuration profiles      \\\\n   read        Read some profiles                            \\\\n   respond     Invoke handlers that will produce messages    \\\\n   validate    Validate syntax checking                      \\\\n\\\\n OPTIONS\\\\n -------\\\\n\\\\n   --version  | -V (boolean)\\\\n\\\\n      Display the current version of Cmd Package CLI\\\\n\\\\n GLOBAL OPTIONS\\\\n --------------\\\\n\\\\n   --response-format-json  | --rfj (boolean)\\\\n\\\\n      Produce JSON formatted data from a command\\\\n\\\\n   --help  | -h (boolean)\\\\n\\\\n      Display help text\\\\n\\\\n\\",
  \\"stderr\\": \\"\\",
  \\"data\\": {}
}"
`;

exports[`cmd-cli should display the version 1`] = `
"================ISSUING VERSION===============
0.0.0
"
`;

exports[`cmd-cli should flag an invalid command and give a close suggestion 1`] = `
"================ISSUING CMD WITH INVALID CMD===============
"
`;

exports[`cmd-cli should flag an invalid command and give a close suggestion 2`] = `
"Command Error:
Unknown Command: NOT_REAL
Did you mean:  chained?
"
`;
