// Jest Snapshot v1, https://goo.gl/fbAQLP

exports[`Command Response Command response should be capable of producing a well-formed error JSON response 1`] = `
"Hello from Command Response JSON Process Message 1 (stderr)
Hello from Command Response JSON Process Message 2 (stderr)
"
`;

exports[`Command Response We should be able to append an error object 1`] = `
Object {
  "data": Object {},
  "error": Object {
    "msg": "error!",
  },
  "message": "",
  "stderr": Object {
    "data": Array [],
    "type": "Buffer",
  },
  "stdout": Object {
    "data": Array [],
    "type": "Buffer",
  },
  "success": true,
}
`;
