// Jest Snapshot v1, https://goo.gl/fbAQLP

exports[`Default Root Command Handler should display the help if no options are specified 1`] = `
Object {
  "errors": Array [],
  "message": "",
  "responseObject": Array [],
  "stderr": Object {
    "data": Array [],
    "type": "Buffer",
  },
  "stdout": Object {
    "data": Array [
      10,
      32,
      67,
      79,
      77,
      77,
      65,
      78,
      68,
      32,
      78,
      65,
      77,
      69,
      10,
      32,
      45,
      45,
      45,
      45,
      45,
      45,
      45,
      45,
      45,
      45,
      45,
      45,
      10,
      10,
      32,
      32,
      32,
      116,
      101,
      115,
      116,
      45,
      99,
      111,
      109,
      109,
      97,
      110,
      100,
      10,
      10,
      32,
      68,
      69,
      83,
      67,
      82,
      73,
      80,
      84,
      73,
      79,
      78,
      10,
      32,
      45,
      45,
      45,
      45,
      45,
      45,
      45,
      45,
      45,
      45,
      45,
      10,
      10,
      32,
      32,
      32,
      109,
      121,
      32,
      99,
      111,
      109,
      109,
      97,
      110,
      100,
      10,
      10,
      32,
      85,
      83,
      65,
      71,
      69,
      10,
      32,
      45,
      45,
      45,
      45,
      45,
      10,
      10,
      32,
      32,
      32,
      109,
      111,
      99,
      107,
      95,
      99,
      111,
      109,
      109,
      97,
      110,
      100,
      95,
      110,
      97,
      109,
      101,
      32,
      116,
      101,
      115,
      116,
      45,
      111,
      117,
      116,
      101,
      114,
      45,
      103,
      114,
      111,
      117,
      112,
      32,
      116,
      101,
      115,
      116,
      45,
      103,
      114,
      111,
      117,
      112,
      32,
      116,
      101,
      115,
      116,
      45,
      99,
      111,
      109,
      109,
      97,
      110,
      100,
      32,
      91,
      112,
      111,
      115,
      105,
      116,
      105,
      111,
      110,
      97,
      108,
      49,
      93,
      32,
      91,
      111,
      112,
      116,
      105,
      111,
      110,
      115,
      93,
      10,
      10,
      32,
      80,
      79,
      83,
      73,
      84,
      73,
      79,
      78,
      65,
      76,
      32,
      79,
      80,
      84,
      73,
      79,
      78,
      83,
      10,
      32,
      45,
      45,
      45,
      45,
      45,
      45,
      45,
      45,
      45,
      45,
      45,
      45,
      45,
      45,
      45,
      45,
      45,
      45,
      10,
      10,
      32,
      32,
      32,
      112,
      111,
      115,
      105,
      116,
      105,
      111,
      110,
      97,
      108,
      49,
      9,
      9,
      32,
      40,
      115,
      116,
      114,
      105,
      110,
      103,
      41,
      10,
      10,
      32,
      32,
      32,
      32,
      32,
      32,
      116,
      104,
      101,
      32,
      112,
      111,
      115,
      105,
      116,
      105,
      111,
      110,
      97,
      108,
      32,
      111,
      112,
      116,
      105,
      111,
      110,
      10,
      10,
      32,
      79,
      80,
      84,
      73,
      79,
      78,
      83,
      10,
      32,
      45,
      45,
      45,
      45,
      45,
      45,
      45,
      10,
      10,
      32,
      32,
      32,
      45,
      45,
      116,
      101,
      115,
      116,
      45,
      111,
      112,
      116,
      105,
      111,
      110,
      32,
      32,
      40,
      115,
      116,
      114,
      105,
      110,
      103,
      41,
      32,
      40,
      111,
      112,
      116,
      105,
      111,
      110,
      97,
      108,
      41,
      10,
      10,
      32,
      32,
      32,
      32,
      32,
      32,
      116,
      104,
      101,
      32,
      111,
      112,
      116,
      105,
      111,
      110,
      10,
      10,
      32,
      32,
      32,
      45,
      45,
      116,
      101,
      115,
      116,
      45,
      98,
      111,
      111,
      108,
      101,
      97,
      110,
      32,
      32,
      40,
      102,
      108,
      97,
      103,
      41,
      32,
      40,
      111,
      112,
      116,
      105,
      111,
      110,
      97,
      108,
      41,
      10,
      10,
      32,
      32,
      32,
      32,
      32,
      32,
      116,
      104,
      101,
      32,
      98,
      111,
      111,
      108,
      101,
      97,
      110,
      32,
      111,
      112,
      116,
      105,
      111,
      110,
      10,
      10,
      10,
      32,
      71,
      76,
      79,
      66,
      65,
      76,
      32,
      79,
      80,
      84,
      73,
      79,
      78,
      83,
      10,
      32,
      45,
      45,
      45,
      45,
      45,
      45,
      45,
      45,
      45,
      45,
      45,
      45,
      45,
      45,
      10,
      10,
      32,
      32,
      32,
      45,
      45,
      114,
      101,
      115,
      112,
      111,
      110,
      115,
      101,
      45,
      102,
      111,
      114,
      109,
      97,
      116,
      45,
      106,
      115,
      111,
      110,
      32,
      32,
      124,
      32,
      45,
      45,
      114,
      102,
      106,
      32,
      40,
      102,
      108,
      97,
      103,
      41,
      32,
      40,
      111,
      112,
      116,
      105,
      111,
      110,
      97,
      108,
      41,
      10,
      10,
      32,
      32,
      32,
      32,
      32,
      32,
      80,
      114,
      111,
      100,
      117,
      99,
      101,
      32,
      116,
      104,
      101,
      32,
      99,
      111,
      109,
      109,
      97,
      110,
      100,
      32,
      114,
      101,
      115,
      112,
      111,
      110,
      115,
      101,
      32,
      97,
      115,
      32,
      97,
      32,
      74,
      83,
      79,
      78,
      32,
      100,
      111,
      99,
      117,
      109,
      101,
      110,
      116,
      10,
      10,
      32,
      32,
      32,
      45,
      45,
      104,
      101,
      108,
      112,
      32,
      32,
      124,
      32,
      45,
      104,
      32,
      40,
      102,
      108,
      97,
      103,
      41,
      32,
      40,
      111,
      112,
      116,
      105,
      111,
      110,
      97,
      108,
      41,
      10,
      10,
      32,
      32,
      32,
      32,
      32,
      32,
      68,
      105,
      115,
      112,
      108,
      97,
      121,
      32,
      104,
      101,
      108,
      112,
      32,
      116,
      101,
      120,
      116,
      10,
      10,
    ],
    "type": "Buffer",
  },
  "success": true,
}
`;

exports[`Default Root Command Handler should display the version if --version is specified 1`] = `
Object {
  "errors": Array [],
  "message": "Version displayed",
  "responseObject": Array [
    Object {
      "version": "10000",
    },
  ],
  "stderr": Object {
    "data": Array [],
    "type": "Buffer",
  },
  "stdout": Object {
    "data": Array [
      49,
      48,
      48,
      48,
      48,
      10,
    ],
    "type": "Buffer",
  },
  "success": true,
}
`;
