// Jest Snapshot v1, https://goo.gl/fbAQLP

exports[`Failed Command Handler We should be able to get proper error messages on a syntax failure 1`] = `
Object {
  "errors": Array [],
  "message": "We failed syntax and we're sorry.",
  "responseObject": Array [],
  "stderr": Object {
    "data": Array [],
    "type": "Buffer",
  },
  "stdout": Object {
    "data": Array [],
    "type": "Buffer",
  },
  "success": true,
}
`;
