// Jest Snapshot v1, https://goo.gl/fbAQLP

exports[`Shared Options We should be able to consume stdin 1`] = `
"First
hello from the other side!

undefined
Second
undefined
undefined
Third
undefined
undefined
"
`;
