// Jest Snapshot v1, https://goo.gl/fbAQLP

exports[`Cli Profile Manager Credential Manager functionality Load operation should not load credentials from a profile if noSecure is specified 1`] = `
Object {
  "name": "My-secure-orange",
  "password": null,
  "secureBox": Object {
    "myCode": "securely_stored",
    "myEmptyMiniBox": null,
    "myFlag": "securely_stored",
    "myMiniBox": "securely_stored",
    "myPhone": "securely_stored",
    "myPhrase": "securely_stored",
    "mySet": "securely_stored",
  },
  "type": "secure-orange",
  "username": "username",
}
`;
