// Jest Snapshot v1, https://goo.gl/fbAQLP

exports[`Command Utils We should be able get the full command name from the flattened tree 1`] = `"test-outer-group test-group test-command"`;

exports[`Command Utils We should be able to flatten a nested command tree for display and searching purposes 1`] = `
Array [
  Object {
    "command": Object {
      "children": Array [
        Object {
          "description": "my command",
          "name": "test-command",
          "options": Array [
            Object {
              "description": "the option",
              "name": "test-option",
              "type": "string",
            },
            Object {
              "description": "the boolean option",
              "name": "test-boolean",
              "type": "boolean",
            },
          ],
          "positionals": Array [
            Object {
              "description": "the positional option",
              "name": "positional1",
              "required": false,
              "type": "string",
            },
          ],
          "type": "command",
        },
      ],
      "description": "my group",
      "name": "test-group",
      "type": "group",
    },
    "fullName": "test-group",
    "tree": Object {
      "children": Array [
        Object {
          "description": "my command",
          "name": "test-command",
          "options": Array [
            Object {
              "description": "the option",
              "name": "test-option",
              "type": "string",
            },
            Object {
              "description": "the boolean option",
              "name": "test-boolean",
              "type": "boolean",
            },
          ],
          "positionals": Array [
            Object {
              "description": "the positional option",
              "name": "positional1",
              "required": false,
              "type": "string",
            },
          ],
          "type": "command",
        },
      ],
      "description": "my group",
      "name": "test-group",
      "type": "group",
    },
  },
  Object {
    "command": Object {
      "description": "my command",
      "name": "test-command",
      "options": Array [
        Object {
          "description": "the option",
          "name": "test-option",
          "type": "string",
        },
        Object {
          "description": "the boolean option",
          "name": "test-boolean",
          "type": "boolean",
        },
      ],
      "positionals": Array [
        Object {
          "description": "the positional option",
          "name": "positional1",
          "required": false,
          "type": "string",
        },
      ],
      "type": "command",
    },
    "fullName": "test-group test-command",
    "tree": Object {
      "children": Array [
        Object {
          "description": "my command",
          "name": "test-command",
          "options": Array [
            Object {
              "description": "the option",
              "name": "test-option",
              "type": "string",
            },
            Object {
              "description": "the boolean option",
              "name": "test-boolean",
              "type": "boolean",
            },
          ],
          "positionals": Array [
            Object {
              "description": "the positional option",
              "name": "positional1",
              "required": false,
              "type": "string",
            },
          ],
          "type": "command",
        },
      ],
      "description": "my group",
      "name": "test-group",
      "type": "group",
    },
  },
]
`;
